10:03:15 settled
🟠 orders in shop (prod-eu-1) has an init container that keeps crashing because secret orders-db does not exist. It fails with "migrate: authentication failed for user orders". Its dependents failed soon after it changed. To list the keys of the Secret the pods depend on, run kubectl describe secret orders-db -n shop
🟠 orders in shop (prod-eu-1) has an init container that keeps crashing because secret orders-db does not exist.
| 🟠 **orders** in **shop** (**prod-eu-1**) has an init container that keeps crashing because secret **orders-db** does not exist.
| It fails with `migrate: authentication failed for user orders`.
| Its dependents failed soon after it changed.
| To list the keys of the Secret the pods depend on, run
| ```
| kubectl describe secret orders-db -n shop
| ```
