10:31:15 settled
🟠 Cron job nightly-export in reports (prod-eu-1) is failing. Nothing it depends on is failing. To see the object's state and events, run kubectl describe job nightly-export-1 -n reports
🟠 Cron job nightly-export in reports (prod-eu-1) is failing.
| 🟠 Cron job **nightly-export** in **reports** (**prod-eu-1**) is failing.
| Nothing it depends on is failing.
| To see the object's state and events, run
| ```
| kubectl describe job nightly-export-1 -n reports
| ```
