10:01:15 settled
🟠 Node n1 (prod-eu-1) is low on memory. To check the node's conditions and recent events, run kubectl describe node n1
🟠 Node n1 (prod-eu-1) is low on memory.
| 🟠 Node n1 (**prod-eu-1**) is low on memory.
| To check the node's conditions and recent events, run
| ```
| kubectl describe node n1
| ```
10:07:55 settled
🟠 payments is failing in shop (prod-eu-1) after the 10:06 release of registry.example.com/payments:5.2. The previous image was registry.example.com/payments:5.1. It fails with "fatal: cannot allocate memory". To see the rollout state, run kubectl rollout status deployment/payments -n shop
🟠 payments is failing in shop (prod-eu-1) after the 10:06 release of registry.example.com/payments:5.2.
| 🟠 **payments** is failing in **shop** (**prod-eu-1**) after the 10:06 release of registry.example.com/payments:5.2.
| The previous image was registry.example.com/payments:5.1.
| It fails with `fatal: cannot allocate memory`.
| To see the rollout state, run
| ```
| kubectl rollout status deployment/payments -n shop
| ```
