10:05:45 settled
🟠 External endpoint db.example.com:5432 (prod-eu-1) does not accept connections. It reports "dial tcp: i/o timeout".
🟠 External endpoint db.example.com:5432 (prod-eu-1) does not accept connections.
| 🟠 External endpoint **db.example.com:5432** (**prod-eu-1**) does not accept connections.
| It reports `dial tcp: i/o timeout`.
10:09:30 material change
🟠 Autoscaler worker in orders (prod-eu-1) is at its maximum of 8 replicas and wants more. worker is affected as well. To see the object's state and events, run kubectl describe deployment worker -n orders
🟠 Autoscaler worker in orders (prod-eu-1) is at its maximum of 8 replicas and wants more.
| 🟠 Autoscaler **worker** in **orders** (**prod-eu-1**) is at its maximum of 8 replicas and wants more.
| **worker** is affected as well.
| To see the object's state and events, run
| ```
| kubectl describe deployment worker -n orders
| ```
