10:05:45 settled
🟡 Autoscaler api in search (prod-eu-1) is at its maximum of 5 replicas and wants more. To see the object's state and events, run kubectl describe horizontalpodautoscaler api -n search
🟡 Autoscaler api in search (prod-eu-1) is at its maximum of 5 replicas and wants more.

10:09:30 material change
🟠 Autoscaler api in search (prod-eu-1) is spreading to api: it has only 2 of 5 replicas ready.
🟠 Autoscaler api in search (prod-eu-1) is spreading to api: it has only 2 of 5 replicas ready.

