23:01:15 digest
🟡 kwatch (prod-eu-1) has one low-priority problem to report. batch-worker in shop keeps restarting (within its normal: restarts 2×/h vs a usual 2×/h). None of them is urgent; one that gets worse gets its own message.
🟡 kwatch (prod-eu-1) has one low-priority problem to report.
| 🟡 **kwatch digest** · prod-eu-1 — 1 problem
|
| **Problems**
| - **batch-worker** in **shop** keeps restarting (within its normal: restarts 2×/h vs a usual 2×/h)
