10:12:15 settled
🟠 api in shop (prod-eu-1) has not been ready for eight minutes. Its registry is healthy and unchanged, so nothing outside it explains this. Service api can't serve traffic. To see the object's state and events, run kubectl describe deployment api -n shop
🟠 api in shop (prod-eu-1) has not been ready for eight minutes.
| 🟠 **api** in **shop** (**prod-eu-1**) has not been ready for eight minutes.
| Its registry is healthy and unchanged, so nothing outside it explains this.
| Service **api** can't serve traffic.
| To see the object's state and events, run
| ```
| kubectl describe deployment api -n shop
| ```
10:15:15 settled
🟠 Mutating webhook policy (prod-eu-1) is failing because service api in shop has no ready endpoints. No request has been rejected yet; any create it matches will be. To see the object's state and events, run kubectl describe mutatingwebhookconfiguration policy
🟠 Mutating webhook policy (prod-eu-1) is failing because service api in shop has no ready endpoints.
| 🟠 Mutating webhook **policy** (**prod-eu-1**) is failing because service **api** in **shop** has no ready endpoints.
| No request has been rejected yet; any create it matches will be.
| To see the object's state and events, run
| ```
| kubectl describe mutatingwebhookconfiguration policy
| ```
