10:03:35 settled
🟠 api in payments (prod-eu-1) keeps crashing; two possible causes: network policy allow-cache blocks its traffic or network policy restrict-egress blocks its traffic. It fails with "FATAL: failed to connect to `host=10.0.3.4 user=payments database=payments`: dial error (dial tcp 10.0.3.4:5432: i/o…". To read the output of the last crash, run kubectl logs api-86824958-a -c app -n payments --previous
Checked: both replicas fail, on 2 nodes.
🟠 api in payments (prod-eu-1) keeps crashing; two possible causes: network policy allow-cache blocks its traffic or network policy restrict-egress blocks its traffic.
| 🟠 **api** in **payments** (**prod-eu-1**) keeps crashing; two possible causes: network policy **allow-cache** blocks its traffic or network policy restrict-egress blocks its traffic.
| It fails with
| ```
| FATAL: failed to connect to `host=10.0.3.4 user=payments database=payments`: dial error (dial tcp 10.0.3.4:5432: i/o…
| ```
| To read the output of the last crash, run
| ```
| kubectl logs api-86824958-a -c app -n payments --previous
| ```
| *Checked: both replicas fail, on 2 nodes.*
