10:03:15 settled
🟠 kafka in streaming (prod-eu-1) has waited two minutes for a node because volume claim data-kafka-0 is bound to a volume in a zone with no node for the pod. The scheduler says "0/1 nodes are available: 1 node(s) had volume node affinity conflict. preemption: 0/1 nodes are available: 1 Preemption…". To see why the volume claim is not usable, run kubectl describe pvc data-kafka-0 -n streaming
🟠 kafka in streaming (prod-eu-1) has waited two minutes for a node because volume claim data-kafka-0 is bound to a volume in a zone with no node for the pod.

