10:03:45 settled
🟠 worker in shop (prod-eu-1) keeps crashing, and I couldn't find an outside cause. It fails with "Error: queue consumer: unexpected message schema version 7". To read the output of the last crash, run kubectl logs worker-83df8007-a -c app -n shop --previous
🟠 worker in shop (prod-eu-1) keeps crashing, and I couldn't find an outside cause.

