10:03:15 settled
🟠 Cron job nightly-report in reports (prod-eu-1) has an invalid schedule. Its schedule changed at 10:02 from 0 2 * * * to 0 25 * * *. Its dependents failed soon after it changed. To see the object's state and events, run kubectl describe cronjob nightly-report -n reports
🟠 Cron job nightly-report in reports (prod-eu-1) has an invalid schedule.

