10:47:15 digest
🟡 kwatch (prod-eu-1) has one low-priority problem to report. Service ingress-internal in kube-system is failing: Kubernetes reported FailedDeployModel again. None of them is urgent; one that gets worse gets its own message.
🟡 kwatch (prod-eu-1) has one low-priority problem to report.
| 🟡 **kwatch digest** · prod-eu-1 — 1 problem
|
| **Problems**
| - Service **ingress-internal** (**kube-system**) — can't deploy its load balancer again
17:20:50 digest
🟡 kwatch (prod-eu-1) has one ongoing problem to report. Service ingress-internal (kube-system) — still failing: FailedDeployModel ×28 since 10:16. None of them is urgent; one that gets worse gets its own message.
🟡 kwatch (prod-eu-1) has one ongoing problem to report.
| 🟡 **kwatch digest** · prod-eu-1 — 1 ongoing
|
| **Problems**
| - Service **ingress-internal** (**kube-system**) — still failing: FailedDeployModel ×28 since 10:16
18:35:00 digest
🟡 kwatch (prod-eu-1) has one earlier one that resolved to report. Resolved: Service ingress-internal in kube-system is healthy again. None of them is urgent; one that gets worse gets its own message.
🟡 kwatch (prod-eu-1) has one earlier one that resolved to report.
| 🟡 **kwatch digest** · prod-eu-1 — 1 resolved
| ✅ 1 resolved since last digest: ingress-internal
