10:03:15 settled
🟠 etl in analytics (prod-eu-1) has waited two minutes for a node because volume claim data-etl is bound to a volume in a zone with no node for the pod. No node fits: claim data-etl can only attach where topology.kubernetes.io/zone=zone-b, and no node is there. The scheduler says "0/2 nodes are available: 2 node(s) had volume node affinity conflict. preemption: 0/2 nodes are available: 2 Preemption…". To see why the volume claim is not usable, run kubectl describe pvc data-etl -n analytics
🟠 etl in analytics (prod-eu-1) has waited two minutes for a node because volume claim data-etl is bound to a volume in a zone with no node for the pod.
| 🟠 **etl** in **analytics** (**prod-eu-1**) has waited two minutes for a node because volume claim **data-etl** is bound to a volume in a zone with no node for the pod.
| No node fits: claim **data-etl** can only attach where topology.kubernetes.io/zone=zone-b, and no node is there.
| The scheduler says
| ```
| 0/2 nodes are available: 2 node(s) had volume node affinity conflict. preemption: 0/2 nodes are available: 2 Preemption…
| ```
| To see why the volume claim is not usable, run
| ```
| kubectl describe pvc data-etl -n analytics
| ```
