10:02:45 settled
🟠 api in shop (prod-eu-1) keeps crashing. Its node and registry are healthy and unchanged, so nothing outside it explains this. It fails with "panic: assignment to entry in nil map". To read the output of the last crash, run kubectl logs api-ed3e6bad-a -c app -n shop --previous
🟠 api in shop (prod-eu-1) keeps crashing.

