10:08:00 material change
🟠 Autoscaler web in shop (prod-eu-1) is at its maximum of 6 replicas and wants more. web is affected as well. To see the object's state and events, run kubectl describe deployment web -n shop
🟠 Autoscaler web in shop (prod-eu-1) is at its maximum of 6 replicas and wants more.
| 🟠 Autoscaler **web** in **shop** (**prod-eu-1**) is at its maximum of 6 replicas and wants more.
| **web** is affected as well.
| To see the object's state and events, run
| ```
| kubectl describe deployment web -n shop
| ```
