10:02:15 settled
🔴 Ingress shop in shop (prod-eu-1) routes /api to Service api port 9090, which api doesn't have (it has 8080). Its rules changed at 10:01 from shop.example.com/ to shop.example.com/api. Its dependents failed soon after it changed. To see the object's state and events, run kubectl describe ingress shop -n shop
🔴 Ingress shop in shop (prod-eu-1) routes /api to Service api port 9090, which api doesn't have (it has 8080).
| 🔴 Ingress **shop** in **shop** (**prod-eu-1**) routes /api to Service api port 9090, which api doesn't have (it has 8080).
| Its rules changed at 10:01 from shop.example.com/ to shop.example.com/api.
| Its dependents failed soon after it changed.
| To see the object's state and events, run
| ```
| kubectl describe ingress shop -n shop
| ```
