10:02:15 settled
🟠 Ingress shop in shop (prod-eu-1) is failing because secret web-tls does not exist. The error mentions it. To list the keys of the Secret the pods depend on, run kubectl describe secret web-tls -n shop
🟠 Ingress shop in shop (prod-eu-1) is failing because secret web-tls does not exist.

