10:01:45 settled
🟠 db in shop (prod-eu-1) keeps crashing. It fails with "FATAL: data directory has wrong ownership". Nothing it depends on is failing. Service db can't serve traffic. It runs a single replica, so this is downtime, not degradation. To read the output of the last crash, run kubectl logs db-4f3043ec-a -c app -n shop --previous
🟠 db in shop (prod-eu-1) keeps crashing.
| 🟠 db in **shop** (**prod-eu-1**) keeps crashing.
| It fails with `FATAL: data directory has wrong ownership`.
| Nothing it depends on is failing.
| Service db can't serve traffic.
| It runs a single replica, so this is downtime, not degradation.
| To read the output of the last crash, run
| ```
| kubectl logs db-4f3043ec-a -c app -n shop --previous
| ```
10:04:45 settled
🟠 api in shop (prod-eu-1) is stuck in init because service db has no ready endpoints. To read what the init container is printing, run kubectl logs api-9db6690e-a -c wait-for-db -n shop
🟠 api in shop (prod-eu-1) is stuck in init because service db has no ready endpoints.
| 🟠 **api** in **shop** (**prod-eu-1**) is stuck in init because service db has no ready endpoints.
| To read what the init container is printing, run
| ```
| kubectl logs api-9db6690e-a -c wait-for-db -n shop
| ```
