10:01:15 roll-up
🟠 kwatch (prod-eu-1) found two new problems at the same time. ccm in kube-system keeps crashing. Lease cloud-controller in kube-system is failing: held by pod ccm-e465b17e-a has not been renewed for 12 minutes. Each gets its own message when it changes or resolves.
🟠 kwatch (prod-eu-1) found two new problems at the same time.
| 🟠 **kwatch roll-up** · prod-eu-1 — 2 new problems at the same time
|
| **Problems**
| - **ccm** in **kube-system** keeps crashing
| - Lease **cloud-controller** (**kube-system**) — held by pod ccm-e465b17e-a has not been renewed for 12 min
|
| *Each gets its own message when it changes or resolves.*
10:03:00 material change
🟠 ccm in kube-system (prod-eu-1) keeps crashing because pod ccm-e465b17e-a has not been ready for three minutes. It fails with "fatal: cannot reach the cloud API". The error mentions it. It runs a single replica, so this is downtime, not degradation. To read the output of the last crash, run kubectl logs ccm-e465b17e-a -c app -n kube-system --previous
🟠 ccm in kube-system (prod-eu-1) keeps crashing because pod ccm-e465b17e-a has not been ready for three minutes.
| 🟠 **ccm** in **kube-system** (**prod-eu-1**) keeps crashing because pod **ccm-e465b17e-a** has not been ready for three minutes.
| It fails with `fatal: cannot reach the cloud API`.
| The error mentions it.
| It runs a single replica, so this is downtime, not degradation.
| To read the output of the last crash, run
| ```
| kubectl logs ccm-e465b17e-a -c app -n kube-system --previous
| ```
