10:02:15 settled
🟠 invoicer in billing (prod-eu-1) cannot start because secret stripe-api does not exist. It fails with "secret "stripe-api" not found". All of its dependents are failing. To list the keys of the Secret the pods depend on, run kubectl describe secret stripe-api -n billing
🟠 invoicer in billing (prod-eu-1) cannot start because secret stripe-api does not exist.

