10:01:15 settled
🟠 Namespace old-shop (prod-eu-1) has been terminating for two hours: Some content in the namespace has finalizers remaining: kubernetes.io/pvc-protection in 3 resource instances. To see the object's state and events, run kubectl describe namespace old-shop
🟠 Namespace old-shop (prod-eu-1) has been terminating for two hours: Some content in the namespace has finalizers remaining: kubernetes.io/pvc-protection in 3 resource instances.
| 🟠 Namespace **old-shop** (**prod-eu-1**) has been terminating for two hours: Some content in the namespace has finalizers remaining: kubernetes.io/pvc-protection in 3 resource instances.
| To see the object's state and events, run
| ```
| kubectl describe namespace old-shop
| ```
