10:02:15 settled
🟠 Node n1 (prod-eu-1) is low on memory. All of its dependents are failing. Replicas that do not depend on it are healthy. cart, orders and payments in shop are affected as well. To check the node's conditions and recent events, run kubectl describe node n1
🟠 Node n1 (prod-eu-1) is low on memory.

10:06:35 material change
🟠 Node n1 (prod-eu-1) has crossed its eviction threshold. All of its dependents are failing.
🟠 Node n1 (prod-eu-1) has crossed its eviction threshold.

