10:02:30 material change
🔴 Node n1 (prod-eu-1) is NotReady for about two minutes. It reports "container runtime network not ready: … Network plugin returns error: cni plugin not initialized"; its recent events include ImageGCFailed "failed to get imageFs info: unable to find data in memory cache". To check the node's conditions and recent events, run kubectl describe node n1
🔴 Node n1 (prod-eu-1) is NotReady for about two minutes.
| 🔴 Node n1 (**prod-eu-1**) is NotReady for about two minutes.
| It reports
| ```
| container runtime network not ready: … Network plugin returns error: cni plugin not initialized
| ```
| ; its recent events include ImageGCFailed `failed to get imageFs info: unable to find data in memory cache`.
| To check the node's conditions and recent events, run
| ```
| kubectl describe node n1
| ```
