10:02:15 settled
🟠 api in shop (prod-eu-1) keeps running out of memory. Its node and registry are healthy and unchanged, so nothing outside it explains this. It was killed at its 512Mi memory limit; it used 505Mi at peak in the last 24 hours. To read the output of the last crash, run kubectl logs api-d461a92b-a -c app -n shop --previous
🟠 api in shop (prod-eu-1) keeps running out of memory.
| 🟠 **api** in **shop** (**prod-eu-1**) keeps running out of memory.
| Its node and registry are healthy and unchanged, so nothing outside it explains this.
| It was killed at its 512Mi memory limit; it used 505Mi at peak in the last 24 hours.
| To read the output of the last crash, run
| ```
| kubectl logs api-d461a92b-a -c app -n shop --previous
| ```
