10:04:15 settled
🟠 Postgrescluster orders-db in data (prod-eu-1) is not ready (reconcile error). Its spec changed at 10:01. Its dependents failed soon after it changed. To see the object's state and events, run kubectl describe postgrescluster orders-db -n data
🟠 Postgrescluster orders-db in data (prod-eu-1) is not ready (reconcile error).

