10:04:15 settled
🟠 KafkaCluster events in data (prod-eu-1) is not ready (invalid broker config). All of its dependents are failing. To read the output of the last crash, run kubectl logs events-kafka-0 -c app -n data --previous
🟠 KafkaCluster events in data (prod-eu-1) is not ready (invalid broker config).

