10:02:15 settled
🟠 redis in shop (prod-eu-1) keeps crashing. api fails calling service redis with "dial tcp redis:6379: connect: connection refused", and the service has had no ready endpoints since 10:01. It fails with "FATAL: cannot open the append only file: No space left on device". Service redis can't serve traffic. It runs a single replica, so this is downtime, not degradation. api is affected as well. To read the output of the last crash, run kubectl logs redis-83b624aa-a -c app -n shop --previous
🟠 redis in shop (prod-eu-1) keeps crashing.
| 🟠 **redis** in **shop** (**prod-eu-1**) keeps crashing.
| **api** fails calling service **redis** with `dial tcp redis:6379: connect: connection refused`, and the service has had no ready endpoints since 10:01.
| It fails with `FATAL: cannot open the append only file: No space left on device`.
| Service **redis** can't serve traffic.
| It runs a single replica, so this is downtime, not degradation.
| **api** is affected as well.
| To read the output of the last crash, run
| ```
| kubectl logs redis-83b624aa-a -c app -n shop --previous
| ```
