10:02:15 settled
🟠 ledger in billing (prod-eu-1) cannot pull its image because registry registry.corp.example rejects the credentials. Its pods name no pull secret, so the registry sees anonymous pulls, and the registry answers "401 Unauthorized". Every error mentions it. Three failing workloads all depend on it. api and worker in shop are affected as well. To see why the container cannot start, run kubectl describe pod ledger-e005c2f7-c -n billing
🟠 ledger in billing (prod-eu-1) cannot pull its image because registry registry.corp.example rejects the credentials.
| 🟠 **ledger** in **billing** (**prod-eu-1**) cannot pull its image because registry **registry.corp.example** rejects the credentials.
| Its pods name no pull secret, so the registry sees anonymous pulls, and the registry answers `401 Unauthorized`.
| Every error mentions it.
| Three failing workloads all depend on it.
| **api** and **worker** in **shop** are affected as well.
| To see why the container cannot start, run
| ```
| kubectl describe pod ledger-e005c2f7-c -n billing
| ```
