10:01:15 settled
🟠 api in shop (prod-eu-1) cannot pull its image because secret regcred does not exist. It fails with "failed to pull and unpack image "registry.corp.example/shop/api:4.2": failed to resolve reference…". All of its dependents are failing. worker is affected as well. To list the keys of the Secret the pods depend on, run kubectl describe secret regcred -n shop
Checked: all 3 replicas fail, on 3 nodes.
🟠 api in shop (prod-eu-1) cannot pull its image because secret regcred does not exist.
| 🟠 **api** in **shop** (**prod-eu-1**) cannot pull its image because secret **regcred** does not exist.
| It fails with `failed to pull and unpack image`registry.corp.example/shop/api:4.2`: failed to resolve reference…`.
| All of its dependents are failing.
| **worker** is affected as well.
| To list the keys of the Secret the pods depend on, run
| ```
| kubectl describe secret regcred -n shop
| ```
| *Checked: all 3 replicas fail, on 3 nodes.*
