10:05:15 settled
🟠 Autoscaler thirdparty in staging (prod-eu-1) cannot read its scale target. It reports "the HPA controller was unable to get the target's current scale: deployments.apps "thirdparty" not found". To see the object's state and events, run kubectl describe horizontalpodautoscaler thirdparty -n staging
🟠 Autoscaler thirdparty in staging (prod-eu-1) cannot read its scale target.
| 🟠 Autoscaler **thirdparty** in **staging** (**prod-eu-1**) cannot read its scale target.
| It reports
| ```
| the HPA controller was unable to get the target's current scale: deployments.apps
| ```
| **thirdparty**`not found`.
| To see the object's state and events, run
| ```
| kubectl describe horizontalpodautoscaler thirdparty -n staging
| ```
10:32:30 cause revised
🟡 Cause now known: Autoscaler thirdparty in staging (prod-eu-1) targets Deployment thirdparty, which does not exist. It reports "the HPA controller was unable to get the target's current scale: deployments.apps "thirdparty" not found".
🟡 Cause now known: Autoscaler thirdparty in staging (prod-eu-1) targets Deployment thirdparty, which does not exist.
| 🟡 Cause now known: Autoscaler **thirdparty** in **staging** (**prod-eu-1**) targets Deployment **thirdparty**, which does not exist.
| It reports
| ```
| the HPA controller was unable to get the target's current scale: deployments.apps
| ```
| **thirdparty**`not found`.
