10:06:15 settled
🟠 orders is failing in shop (prod-eu-1) after the 10:02 change to secret db-creds. Keys db-pass and db-password changed. It fails with "couldn't find key db-password in Secret shop/db-creds". To list the keys of the Secret the pods depend on, run kubectl describe secret db-creds -n shop
🟠 orders is failing in shop (prod-eu-1) after the 10:02 change to secret db-creds.

