10:02:15 settled
🟠 Validating webhook policy-check (prod-eu-1) is failing: check.policy.example.com fails 40% of its calls and fails closed: those requests are refused. To check the webhook's backend and timeout, run kubectl get validatingwebhookconfiguration policy-check -o yaml
🟠 Validating webhook policy-check (prod-eu-1) is failing: check.policy.example.com fails 40% of its calls and fails closed: those requests are refused.
| 🟠 Validating webhook **policy-check** (**prod-eu-1**) is failing: check.policy.example.com fails 40% of its calls and fails closed: those requests are refused.
| To check the webhook's backend and timeout, run
| ```
| kubectl get validatingwebhookconfiguration policy-check -o yaml
| ```
10:03:00 material change
🔴 Validating webhook policy-check (prod-eu-1) is spreading to replica set cart-a3db1c95 in shop: it cannot create pods.
🔴 Validating webhook policy-check (prod-eu-1) is spreading to replica set cart-a3db1c95 in shop: it cannot create pods.
| 🔴 Validating webhook **policy-check** (**prod-eu-1**) is spreading to replica set **cart-a3db1c95** in shop: it cannot create pods.
