10:03:15 settled
🟠 Validating webhook policy-check (prod-eu-1) is failing: check.policy.example.com takes 6.2 seconds per call (p99). To check the webhook's backend and timeout, run kubectl get validatingwebhookconfiguration policy-check -o yaml
🟠 Validating webhook policy-check (prod-eu-1) is failing: check.policy.example.com takes 6.2 seconds per call (p99).
| 🟠 Validating webhook **policy-check** (**prod-eu-1**) is failing: check.policy.example.com takes 6.2 seconds per call (p99).
| To check the webhook's backend and timeout, run
| ```
| kubectl get validatingwebhookconfiguration policy-check -o yaml
| ```
