10:04:15 settled
🟠 Volume claim spool in mail (prod-eu-1) is failing: volume has used over 95% of its inodes. relay fails with "queue: cannot create /var/spool/relay/new/1760000000.M1P7: No space left on device". Its inodes are 99% used, its space 12 GiB of 100 GiB. It is used by relay. relay is affected as well. To check the size and capacity of the full volume claim, run kubectl describe pvc spool -n mail
🟠 Volume claim spool in mail (prod-eu-1) is failing: volume has used over 95% of its inodes.
| 🟠 Volume claim **spool** in **mail** (**prod-eu-1**) is failing: volume has used over 95% of its inodes.
| **relay** fails with
| ```
| queue: cannot create /var/spool/relay/new/1760000000.M1P7: No space left on device
| ```
| Its inodes are 99% used, its space 12 GiB of 100 GiB.
| It is used by **relay**.
| **relay** is affected as well.
| To check the size and capacity of the full volume claim, run
| ```
| kubectl describe pvc spool -n mail
| ```
