10:01:30 settled
🔴 Validating webhook policy-validator (prod-eu-1) has no ready pods behind service policy-webhook. The error mentions it. It rejects every create and update it checks. orders in shop is affected as well. To check the webhook's backend and timeout, run kubectl get validatingwebhookconfiguration policy-validator -o yaml
🔴 Validating webhook policy-validator (prod-eu-1) has no ready pods behind service policy-webhook.
| 🔴 Validating webhook **policy-validator** (**prod-eu-1**) has no ready pods behind service policy-webhook.
| The error mentions it.
| It rejects every create and update it checks.
| **orders** in **shop** is affected as well.
| To check the webhook's backend and timeout, run
| ```
| kubectl get validatingwebhookconfiguration policy-validator -o yaml
| ```
10:04:30 material change
🔴 Validating webhook policy-validator (prod-eu-1) is spreading to replica set indexer-6f987960 in search: it cannot create pods.
🔴 Validating webhook policy-validator (prod-eu-1) is spreading to replica set indexer-6f987960 in search: it cannot create pods.
| 🔴 Validating webhook **policy-validator** (**prod-eu-1**) is spreading to replica set **indexer-6f987960** in search: it cannot create pods.
