10:02:15 settled
🟠 Validating webhook widget-operator (prod-eu-1) calls Service widget-operator, which does not exist. No request has been rejected yet; any create it matches will be. To see the object's state and events, run kubectl describe validatingwebhookconfiguration widget-operator
🟠 Validating webhook widget-operator (prod-eu-1) calls Service widget-operator, which does not exist.
| 🟠 Validating webhook **widget-operator** (**prod-eu-1**) calls Service **widget-operator**, which does not exist.
| No request has been rejected yet; any create it matches will be.
| To see the object's state and events, run
| ```
| kubectl describe validatingwebhookconfiguration widget-operator
| ```
11:01:00 material change
🔴 Validating webhook widget-operator (prod-eu-1) is spreading to replica set orders-a7a44c05 in shop: it cannot create pods.
🔴 Validating webhook widget-operator (prod-eu-1) is spreading to replica set orders-a7a44c05 in shop: it cannot create pods.
| 🔴 Validating webhook **widget-operator** (**prod-eu-1**) is spreading to replica set **orders-a7a44c05** in shop: it cannot create pods.
