🟠 invoices in billing is crash looping, and I couldn't find an outside cause among what I can see. It fails with "invalid credentials for database invoices". I can't see secrets in billing, so a changed secret can't be ruled out. To read the output of the last crash, run kubectl logs invoices-5c8 -c app -n billing --previous

🟠 invoices in billing is crash looping, and I couldn't find an outside cause among what I can see.
