{"deliveryId":"incident-1:2:create","conversationKey":"","revision":2,"action":"create","summary":{"emoji":"🟠","title":"Pod keeps restarting","severity":"high","location":{"cluster":"production","namespace":"payments","resource":"pod","name":"checkout"},"impact":"3 replicas are unavailable","timing":"for 3m","cause":"the node is not ready"},"details":[{"kind":"identity","title":"Location","lines":["Container: api","Image: registry/checkout:v4","Node: worker-a"]},{"kind":"events","title":"Events","lines":["NodeNotReady"]},{"kind":"logs","title":"Logs","lines":["connection refused"]}]}
